Timeout (0:00:05)!
Thread 0x00003c78 (most recent call first):
  File "C:\Users\elyse\.conda\envs\pyconlyse39\lib\site-packages\tango\pyutil.py", line 422 in __Util__init
  File "C:\Users\elyse\.conda\envs\pyconlyse39\lib\site-packages\tango\server.py", line 2037 in __server_run
  File "C:\Users\elyse\.conda\envs\pyconlyse39\lib\site-packages\tango\server.py", line 2221 in run
  File "C:\Users\elyse\.conda\envs\pyconlyse39\lib\site-packages\tango\server.py", line 1121 in run_server
  File "C:\dev\pyconlyse\DeviceServers\power\netio\DS_Netio_pdu.py", line 279 in <module>
Timeout (0:00:05)!
Thread 0x00000638 (most recent call first):
  File "C:\Users\elyse\.conda\envs\pyconlyse39\lib\site-packages\tango\pyutil.py", line 422 in __Util__init
  File "C:\Users\elyse\.conda\envs\pyconlyse39\lib\site-packages\tango\server.py", line 2037 in __server_run
  File "C:\Users\elyse\.conda\envs\pyconlyse39\lib\site-packages\tango\server.py", line 2221 in run
  File "C:\Users\elyse\.conda\envs\pyconlyse39\lib\site-packages\tango\server.py", line 1121 in run_server
  File "C:\dev\pyconlyse\DeviceServers\power\netio\DS_Netio_pdu.py", line 279 in <module>
Timeout (0:00:05)!
Thread 0x00004104 (most recent call first):
  File "C:\Users\elyse\.conda\envs\pyconlyse39\lib\site-packages\tango\pyutil.py", line 422 in __Util__init
  File "C:\Users\elyse\.conda\envs\pyconlyse39\lib\site-packages\tango\server.py", line 2037 in __server_run
  File "C:\Users\elyse\.conda\envs\pyconlyse39\lib\site-packages\tango\server.py", line 2221 in run
  File "C:\Users\elyse\.conda\envs\pyconlyse39\lib\site-packages\tango\server.py", line 1121 in run_server
  File "C:\dev\pyconlyse\DeviceServers\power\netio\DS_Netio_pdu.py", line 279 in <module>
